             VMA              LMA     Size Align Out     In      Symbol
               0                0 80200000     1 . = 0x80200000
        80200000         80200000      41a     4 .text
        80200000         80200000        c     2         /tmp/kernel-b52f38.o:(.text.boot)
        80200000         80200000        0     1                 
        80200000         80200000        0     1                 
        80200000         80200000        0     1                 
        80200000         80200000        0     1                 .Lpcrel_hi0
        80200000         80200000        0     1                 
        80200000         80200000        c     1                 kernel_entry
        8020000c         8020000c        0     1                 
        8020000c         8020000c        0     1                 
        8020000c         8020000c      160     4         /tmp/kernel-b52f38.o:(.text)
        8020000c         8020000c        0     1                 
        8020000c         8020000c        0     1                 
        8020000c         8020000c        0     1                 
        8020000c         8020000c        0     1                 
        8020000c         8020000c       14     1                 putchar
        8020001e         8020001e        0     1                 
        8020001e         8020001e        0     1                 
        80200020         80200020        0     1                 
        80200020         80200020        0     1                 
        80200020         80200020        0     1                 
        80200020         80200020        0     1                 
        80200020         80200020        0     1                 
        80200020         80200020       5c     1                 alloc_pages
        80200022         80200022        0     1                 
        80200022         80200022        0     1                 
        80200026         80200026        0     1                 
        80200026         80200026        0     1                 .LBB2_4
        80200030         80200030        0     1                 
        80200036         80200036        0     1                 
        8020003a         8020003a        0     1                 .LBB2_5
        8020003a         8020003a        0     1                 
        80200042         80200042        0     1                 
        80200044         80200044        0     1                 
        80200048         80200048        0     1                 .LBB2_6
        80200048         80200048        0     1                 
        80200050         80200050        0     1                 .LBB2_7
        80200064         80200064        0     1                 
        80200066         80200066        0     1                 
        80200072         80200072        0     1                 
        80200072         80200072        0     1                 
        8020007c         8020007c        0     1                 
        8020007c         8020007c        0     1                 
        8020007c         8020007c        0     1                 
        8020007c         8020007c        0     1                 
        8020007c         8020007c        0     1                 
        8020007c         8020007c       f0     1                 kernel_main
        8020007e         8020007e        0     1                 
        8020007e         8020007e        0     1                 
        80200088         80200088        0     1                 
        80200088         80200088        0     1                 .LBB3_8
        80200090         80200090        0     1                 .LBB3_9
        802000a6         802000a6        0     1                 
        802000a6         802000a6        0     1                 .LBB3_10
        802000a6         802000a6        0     1                 
        802000b2         802000b2        0     1                 
        802000b4         802000b4        0     1                 
        802000b6         802000b6        0     1                 .LBB3_11
        802000b6         802000b6        0     1                 
        802000be         802000be        0     1                 
        802000c0         802000c0        0     1                 
        802000c4         802000c4        0     1                 .LBB3_12
        802000c4         802000c4        0     1                 
        802000cc         802000cc        0     1                 .LBB3_13
        802000e0         802000e0        0     1                 
        802000e2         802000e2        0     1                 
        802000f0         802000f0        0     1                 
        802000f0         802000f0        0     1                 
        802000f4         802000f4        0     1                 
        802000f6         802000f6        0     1                 
        802000fa         802000fa        0     1                 
        802000fe         802000fe        0     1                 .LBB3_14
        802000fe         802000fe        0     1                 
        80200106         80200106        0     1                 .LBB3_15
        8020011a         8020011a        0     1                 
        8020011c         8020011c        0     1                 
        8020012a         8020012a        0     1                 
        8020012a         8020012a        0     1                 .LBB3_16
        8020012a         8020012a        0     1                 
        8020013c         8020013c        0     1                 
        8020013c         8020013c        0     1                 .LBB3_17
        8020013c         8020013c        0     1                 
        8020014e         8020014e        0     1                 
        8020014e         8020014e        0     1                 .LBB3_18
        8020014e         8020014e        0     1                 
        80200156         80200156        0     1                 .LBB3_19
        8020016a         8020016a        0     1                 
        8020016c         8020016c        0     1                 
        8020016c         8020016c        0     1                 
        8020016c         8020016c      2ae     4         /tmp/common-2fa631.o:(.text)
        8020016c         8020016c        0     1                 
        8020016c         8020016c        0     1                 
        8020016c         8020016c        0     1                 
        8020016c         8020016c      23e     1                 printf
        8020016e         8020016e        0     1                 
        80200188         80200188        0     1                 
        8020019a         8020019a        0     1                 
        802001bc         802001bc        0     1                 .LBB0_29
        802001bc         802001bc        0     1                 
        802001c4         802001c4        0     1                 
        802001ce         802001ce        0     1                 
        802001d2         802001d2        0     1                 
        802001d2         802001d2        0     1                 
        802001de         802001de        0     1                 
        802001de         802001de        0     1                 
        802001e2         802001e2        0     1                 
        802001ea         802001ea        0     1                 
        802001ec         802001ec        0     1                 
        802001f0         802001f0        0     1                 
        802001f8         802001f8        0     1                 
        802001fa         802001fa        0     1                 
        80200202         80200202        0     1                 
        80200206         80200206        0     1                 
        8020020a         8020020a        0     1                 
        8020020e         8020020e        0     1                 
        80200222         80200222        0     1                 
        8020022e         8020022e        0     1                 
        8020022e         8020022e        0     1                 
        80200232         80200232        0     1                 .LBB0_30
        80200232         80200232        0     1                 
        80200240         80200240        0     1                 
        80200248         80200248        0     1                 
        8020024c         8020024c        0     1                 
        8020024e         8020024e        0     1                 
        80200254         80200254        0     1                 
        8020025c         8020025c        0     1                 
        80200260         80200260        0     1                 
        80200262         80200262        0     1                 
        80200268         80200268        0     1                 
        80200270         80200270        0     1                 
        80200274         80200274        0     1                 
        80200276         80200276        0     1                 
        8020027c         8020027c        0     1                 
        80200284         80200284        0     1                 
        80200288         80200288        0     1                 
        8020028a         8020028a        0     1                 
        80200290         80200290        0     1                 
        80200298         80200298        0     1                 
        8020029c         8020029c        0     1                 
        8020029e         8020029e        0     1                 
        802002a4         802002a4        0     1                 
        802002ac         802002ac        0     1                 
        802002b0         802002b0        0     1                 
        802002b2         802002b2        0     1                 
        802002b8         802002b8        0     1                 
        802002c0         802002c0        0     1                 
        802002c4         802002c4        0     1                 
        802002ca         802002ca        0     1                 
        802002cc         802002cc        0     1                 
        802002cc         802002cc        0     1                 
        802002d4         802002d4        0     1                 
        802002dc         802002dc        0     1                 
        802002dc         802002dc        0     1                 
        802002e2         802002e2        0     1                 
        802002e2         802002e2        0     1                 
        802002ec         802002ec        0     1                 
        802002f0         802002f0        0     1                 
        802002f2         802002f2        0     1                 
        802002f8         802002f8        0     1                 
        80200304         80200304        0     1                 
        80200304         80200304        0     1                 
        80200306         80200306        0     1                 
        80200308         80200308        0     1                 
        8020030c         8020030c        0     1                 
        80200314         80200314        0     1                 
        80200320         80200320        0     1                 
        80200324         80200324        0     1                 
        8020032a         8020032a        0     1                 
        8020032a         8020032a        0     1                 
        80200330         80200330        0     1                 
        80200330         80200330        0     1                 
        8020033c         8020033c        0     1                 
        8020033c         8020033c        0     1                 
        80200340         80200340        0     1                 
        80200342         80200342        0     1                 
        80200346         80200346        0     1                 
        80200348         80200348        0     1                 
        8020034c         8020034c        0     1                 
        80200350         80200350        0     1                 
        80200354         80200354        0     1                 
        80200356         80200356        0     1                 
        8020035a         8020035a        0     1                 
        8020035e         8020035e        0     1                 
        8020035e         8020035e        0     1                 
        80200362         80200362        0     1                 
        8020036a         8020036a        0     1                 
        80200370         80200370        0     1                 
        80200370         80200370        0     1                 
        8020037a         8020037a        0     1                 
        80200380         80200380        0     1                 
        80200380         80200380        0     1                 
        8020038c         8020038c        0     1                 
        8020038c         8020038c        0     1                 
        802003aa         802003aa        0     1                 
        802003aa         802003aa        0     1                 
        802003aa         802003aa        0     1                 
        802003aa         802003aa        0     1                 
        802003aa         802003aa        0     1                 
        802003aa         802003aa        0     1                 
        802003aa         802003aa       14     1                 memset
        802003ac         802003ac        0     1                 
        802003ae         802003ae        0     1                 
        802003b0         802003b0        0     1                 
        802003b4         802003b4        0     1                 
        802003b8         802003b8        0     1                 
        802003ba         802003ba        0     1                 
        802003bc         802003bc        0     1                 
        802003be         802003be        0     1                 
        802003be         802003be        0     1                 
        802003be         802003be        0     1                 
        802003be         802003be        0     1                 
        802003be         802003be        0     1                 
        802003be         802003be        0     1                 
        802003be         802003be       24     1                 strcpy
        802003c4         802003c4        0     1                 
        802003c8         802003c8        0     1                 
        802003ca         802003ca        0     1                 
        802003ce         802003ce        0     1                 
        802003d2         802003d2        0     1                 
        802003d6         802003d6        0     1                 
        802003d8         802003d8        0     1                 
        802003da         802003da        0     1                 
        802003dc         802003dc        0     1                 
        802003e0         802003e0        0     1                 
        802003e2         802003e2        0     1                 
        802003e2         802003e2        0     1                 
        802003e2         802003e2        0     1                 
        802003e2         802003e2        0     1                 
        802003e2         802003e2        0     1                 
        802003e2         802003e2        0     1                 
        802003e2         802003e2       38     1                 strcmp
        802003e6         802003e6        0     1                 
        802003e8         802003e8        0     1                 
        802003ea         802003ea        0     1                 
        802003ee         802003ee        0     1                 
        802003fc         802003fc        0     1                 
        80200400         80200400        0     1                 
        80200404         80200404        0     1                 
        80200406         80200406        0     1                 
        8020040a         8020040a        0     1                 
        8020040c         8020040c        0     1                 
        80200410         80200410        0     1                 
        80200414         80200414        0     1                 
        80200418         80200418        0     1                 
        8020041a         8020041a        0     1                 
        8020041a         8020041a        0     1                 
        80200420         80200420       8f     8 .rodata
        80200420         80200420       8f     1         <internal>:(.rodata)
        802004b0         802004b0        8     8 .data
        802004b0         802004b0        8     8         /tmp/kernel-b52f38.o:(.sdata)
        802004b0         802004b0        8     1                 alloc_pages.next_paddr
        802004c0         802004c0        0    16 .bss
        802004c0         802004c0        0     1         __bss = .
        802004c0         802004c0        0     1         __bss_end = .
        802004c0         802004c0        0     1 . = ALIGN ( 16 )
        802004c0         802004c0    20000     1 . += 128 * 1024
        802204c0         802204c0        0     1 __stack_top = .
        802204c0         802204c0      b40     1 . = ALIGN ( 4096 )
        80221000         80221000        0     1 __free_ram = .
        80221000         80221000  4000000     1 . += 64 * 1024 * 1024
        84221000         84221000        0     1 __free_ram_end = .
               0                0      2e7     1 .debug_loclists
               0                0       b9     1         /tmp/kernel-b52f38.o:(.debug_loclists)
               c                c        0     1                 
              b9               b9      22e     1         /tmp/common-2fa631.o:(.debug_loclists)
              c5               c5        0     1                 
               0                0      2e1     1 .debug_abbrev
               0                0      18e     1         /tmp/kernel-b52f38.o:(.debug_abbrev)
             18e              18e      153     1         /tmp/common-2fa631.o:(.debug_abbrev)
               0                0      4e1     1 .debug_info
               0                0      28e     1         /tmp/kernel-b52f38.o:(.debug_info)
             28e              28e      253     1         /tmp/common-2fa631.o:(.debug_info)
               0                0       6a     1 .debug_rnglists
               0                0       18     1         /tmp/kernel-b52f38.o:(.debug_rnglists)
               c                c        0     1                 
              18               18       52     1         /tmp/common-2fa631.o:(.debug_rnglists)
              24               24        0     1                 
               0                0      15c     1 .debug_str_offsets
               0                0       b8     1         /tmp/kernel-b52f38.o:(.debug_str_offsets)
               8                8        0     1                 
              b8               b8       a4     1         /tmp/common-2fa631.o:(.debug_str_offsets)
              c0               c0        0     1                 
               0                0      206     1 .debug_str
               0                0      206     1         <internal>:(.debug_str)
               0                0       e8     1 .debug_addr
               0                0       80     1         /tmp/kernel-b52f38.o:(.debug_addr)
               8                8        0     1                 
              80               80       68     1         /tmp/common-2fa631.o:(.debug_addr)
              88               88        0     1                 
               0                0       42     1 .comment
               0                0       42     1         <internal>:(.comment)
               0                0       2b     1 .riscv.attributes
               0                0       2b     1         /tmp/kernel-b52f38.o:(.riscv.attributes)
               0                0      128     8 .debug_frame
               0                0       90     8         /tmp/kernel-b52f38.o:(.debug_frame)
               0                0        0     1                 
              90               90       98     8         /tmp/common-2fa631.o:(.debug_frame)
              90               90        0     1                 
               0                0      5d0     1 .debug_line
               0                0      193     1         /tmp/kernel-b52f38.o:(.debug_line)
               0                0        0     1                 .Lline_table_start0
             193              193      43d     1         /tmp/common-2fa631.o:(.debug_line)
             193              193        0     1                 .Lline_table_start0
               0                0       4c     1 .debug_line_str
               0                0       4c     1         <internal>:(.debug_line_str)
               0                0     2070     8 .symtab
               0                0     2070     8         <internal>:(.symtab)
               0                0       dc     1 .shstrtab
               0                0       dc     1         <internal>:(.shstrtab)
               0                0      179     1 .strtab
               0                0      179     1         <internal>:(.strtab)
