             VMA              LMA     Size Align Out     In      Symbol
               0                0 80200000     1 . = 0x80200000
        80200000         80200000      61c     4 .text
        80200000         80200000        c     2         /tmp/kernel-de490b.o:(.text.boot)
        80200000         80200000        0     1                 
        80200000         80200000        0     1                 
        80200000         80200000        0     1                 
        80200000         80200000        0     1                 .Lpcrel_hi0
        80200000         80200000        0     1                 
        80200000         80200000        c     1                 kernel_entry
        8020000c         8020000c        0     1                 
        8020000c         8020000c        0     1                 
        8020000c         8020000c      25c     4         /tmp/kernel-de490b.o:(.text)
        8020000c         8020000c        0     1                 
        8020000c         8020000c        0     1                 
        8020000c         8020000c        0     1                 
        8020000c         8020000c        0     1                 
        8020000c         8020000c       46     1                 switch_context
        80200052         80200052        0     1                 
        80200052         80200052        0     1                 
        80200052         80200052        0     1                 
        80200052         80200052        0     1                 
        80200052         80200052        0     1                 
        80200052         80200052        0     1                 
        80200052         80200052       14     1                 putchar
        80200064         80200064        0     1                 
        80200064         80200064        0     1                 
        80200066         80200066        0     1                 
        80200066         80200066        0     1                 
        80200066         80200066        0     1                 
        80200066         80200066        0     1                 
        80200066         80200066        0     1                 
        80200066         80200066       5c     1                 alloc_pages
        80200068         80200068        0     1                 
        80200068         80200068        0     1                 
        8020006c         8020006c        0     1                 
        8020006c         8020006c        0     1                 .LBB3_4
        80200076         80200076        0     1                 
        8020007c         8020007c        0     1                 
        80200080         80200080        0     1                 .LBB3_5
        80200080         80200080        0     1                 
        80200088         80200088        0     1                 
        8020008a         8020008a        0     1                 
        8020008e         8020008e        0     1                 .LBB3_6
        8020008e         8020008e        0     1                 
        80200096         80200096        0     1                 .LBB3_7
        802000aa         802000aa        0     1                 
        802000ac         802000ac        0     1                 
        802000b8         802000b8        0     1                 
        802000b8         802000b8        0     1                 
        802000c2         802000c2        0     1                 
        802000c2         802000c2        0     1                 
        802000c2         802000c2        0     1                 
        802000c2         802000c2        0     1                 
        802000c2         802000c2        0     1                 
        802000c2         802000c2       16     1                 delay
        802000ce         802000ce        0     1                 
        802000ce         802000ce        0     1                 
        802000d0         802000d0        0     1                 
        802000d2         802000d2        0     1                 
        802000d6         802000d6        0     1                 
        802000d6         802000d6        0     1                 
        802000d8         802000d8        0     1                 
        802000d8         802000d8        0     1                 
        802000d8         802000d8        0     1                 
        802000d8         802000d8        0     1                 
        802000d8         802000d8        0     1                 
        802000d8         802000d8       68     1                 proc_a_entry
        802000da         802000da        0     1                 
        802000da         802000da        0     1                 
        802000e2         802000e2        0     1                 
        802000e2         802000e2        0     1                 .LBB5_3
        802000f2         802000f2        0     1                 
        802000f2         802000f2        0     1                 .LBB5_4
        802000f2         802000f2        0     1                 
        802000fa         802000fa        0     1                 .LBB5_5
        8020010a         8020010a        0     1                 
        8020010a         8020010a        0     1                 
        80200120         80200120        0     1                 
        80200120         80200120        0     1                 
        80200124         80200124        0     1                 
        80200126         80200126        0     1                 
        80200128         80200128        0     1                 
        8020012a         8020012a        0     1                 
        80200132         80200132        0     1                 
        80200132         80200132        0     1                 
        80200136         80200136        0     1                 
        80200136         80200136        0     1                 
        80200138         80200138        0     1                 
        8020013a         8020013a        0     1                 
        80200140         80200140        0     1                 
        80200140         80200140        0     1                 
        80200140         80200140        0     1                 
        80200140         80200140        0     1                 
        80200140         80200140        0     1                 
        80200140         80200140        0     1                 
        80200140         80200140       68     1                 proc_b_entry
        80200142         80200142        0     1                 
        80200142         80200142        0     1                 
        8020014a         8020014a        0     1                 
        8020014a         8020014a        0     1                 .LBB6_3
        8020015a         8020015a        0     1                 
        8020015a         8020015a        0     1                 .LBB6_4
        8020015a         8020015a        0     1                 
        80200162         80200162        0     1                 .LBB6_5
        80200172         80200172        0     1                 
        80200172         80200172        0     1                 
        80200188         80200188        0     1                 
        80200188         80200188        0     1                 
        8020018c         8020018c        0     1                 
        8020018e         8020018e        0     1                 
        80200190         80200190        0     1                 
        80200192         80200192        0     1                 
        8020019a         8020019a        0     1                 
        8020019a         8020019a        0     1                 
        8020019e         8020019e        0     1                 
        8020019e         8020019e        0     1                 
        802001a0         802001a0        0     1                 
        802001a2         802001a2        0     1                 
        802001a8         802001a8        0     1                 
        802001a8         802001a8        0     1                 
        802001a8         802001a8        0     1                 
        802001a8         802001a8        0     1                 
        802001a8         802001a8        0     1                 
        802001a8         802001a8        0     1                 
        802001a8         802001a8       c0     1                 kernel_main
        802001aa         802001aa        0     1                 
        802001aa         802001aa        0     1                 
        802001b2         802001b2        0     1                 
        802001b2         802001b2        0     1                 .LBB7_3
        802001ba         802001ba        0     1                 .LBB7_4
        802001d0         802001d0        0     1                 
        802001d0         802001d0        0     1                 .LBB7_5
        802001d0         802001d0        0     1                 
        802001e0         802001e0        0     1                 
        802001e0         802001e0        0     1                 .LBB7_6
        802001e0         802001e0        0     1                 
        802001f2         802001f2        0     1                 .LBB7_7
        802001f2         802001f2        0     1                 
        802001fe         802001fe        0     1                 .LBB7_8
        802001fe         802001fe        0     1                 
        80200210         80200210        0     1                 .LBB7_9
        80200210         80200210        0     1                 
        8020021a         8020021a        0     1                 .LBB7_10
        8020021a         8020021a        0     1                 
        8020021a         8020021a        0     1                 
        8020022a         8020022a        0     1                 
        8020022a         8020022a        0     1                 
        80200232         80200232        0     1                 
        80200232         80200232        0     1                 
        80200248         80200248        0     1                 
        80200248         80200248        0     1                 
        8020024c         8020024c        0     1                 
        8020024e         8020024e        0     1                 
        80200250         80200250        0     1                 
        80200252         80200252        0     1                 
        8020025a         8020025a        0     1                 
        8020025a         8020025a        0     1                 
        8020025e         8020025e        0     1                 
        8020025e         8020025e        0     1                 
        80200260         80200260        0     1                 
        80200262         80200262        0     1                 
        80200268         80200268        0     1                 
        80200268         80200268        0     1                 
        80200268         80200268        0     1                 
        80200268         80200268      3b4     4         /tmp/common-60d22f.o:(.text)
        80200268         80200268        0     1                 
        80200268         80200268        0     1                 
        80200268         80200268        0     1                 
        80200268         80200268      23e     1                 printf
        8020026a         8020026a        0     1                 
        80200284         80200284        0     1                 
        80200296         80200296        0     1                 
        802002b8         802002b8        0     1                 .LBB0_29
        802002b8         802002b8        0     1                 
        802002c0         802002c0        0     1                 
        802002ca         802002ca        0     1                 
        802002ce         802002ce        0     1                 
        802002ce         802002ce        0     1                 
        802002da         802002da        0     1                 
        802002da         802002da        0     1                 
        802002de         802002de        0     1                 
        802002e6         802002e6        0     1                 
        802002e8         802002e8        0     1                 
        802002ec         802002ec        0     1                 
        802002f4         802002f4        0     1                 
        802002f6         802002f6        0     1                 
        802002fe         802002fe        0     1                 
        80200302         80200302        0     1                 
        80200306         80200306        0     1                 
        8020030a         8020030a        0     1                 
        8020031e         8020031e        0     1                 
        8020032a         8020032a        0     1                 
        8020032a         8020032a        0     1                 
        8020032e         8020032e        0     1                 .LBB0_30
        8020032e         8020032e        0     1                 
        8020033c         8020033c        0     1                 
        80200344         80200344        0     1                 
        80200348         80200348        0     1                 
        8020034a         8020034a        0     1                 
        80200350         80200350        0     1                 
        80200358         80200358        0     1                 
        8020035c         8020035c        0     1                 
        8020035e         8020035e        0     1                 
        80200364         80200364        0     1                 
        8020036c         8020036c        0     1                 
        80200370         80200370        0     1                 
        80200372         80200372        0     1                 
        80200378         80200378        0     1                 
        80200380         80200380        0     1                 
        80200384         80200384        0     1                 
        80200386         80200386        0     1                 
        8020038c         8020038c        0     1                 
        80200394         80200394        0     1                 
        80200398         80200398        0     1                 
        8020039a         8020039a        0     1                 
        802003a0         802003a0        0     1                 
        802003a8         802003a8        0     1                 
        802003ac         802003ac        0     1                 
        802003ae         802003ae        0     1                 
        802003b4         802003b4        0     1                 
        802003bc         802003bc        0     1                 
        802003c0         802003c0        0     1                 
        802003c6         802003c6        0     1                 
        802003c8         802003c8        0     1                 
        802003c8         802003c8        0     1                 
        802003d0         802003d0        0     1                 
        802003d8         802003d8        0     1                 
        802003d8         802003d8        0     1                 
        802003de         802003de        0     1                 
        802003de         802003de        0     1                 
        802003e8         802003e8        0     1                 
        802003ec         802003ec        0     1                 
        802003ee         802003ee        0     1                 
        802003f4         802003f4        0     1                 
        80200400         80200400        0     1                 
        80200400         80200400        0     1                 
        80200402         80200402        0     1                 
        80200404         80200404        0     1                 
        80200408         80200408        0     1                 
        80200410         80200410        0     1                 
        8020041c         8020041c        0     1                 
        80200420         80200420        0     1                 
        80200426         80200426        0     1                 
        80200426         80200426        0     1                 
        8020042c         8020042c        0     1                 
        8020042c         8020042c        0     1                 
        80200438         80200438        0     1                 
        80200438         80200438        0     1                 
        8020043c         8020043c        0     1                 
        8020043e         8020043e        0     1                 
        80200442         80200442        0     1                 
        80200444         80200444        0     1                 
        80200448         80200448        0     1                 
        8020044c         8020044c        0     1                 
        80200450         80200450        0     1                 
        80200452         80200452        0     1                 
        80200456         80200456        0     1                 
        8020045a         8020045a        0     1                 
        8020045a         8020045a        0     1                 
        8020045e         8020045e        0     1                 
        80200466         80200466        0     1                 
        8020046c         8020046c        0     1                 
        8020046c         8020046c        0     1                 
        80200476         80200476        0     1                 
        8020047c         8020047c        0     1                 
        8020047c         8020047c        0     1                 
        80200488         80200488        0     1                 
        80200488         80200488        0     1                 
        802004a6         802004a6        0     1                 
        802004a6         802004a6        0     1                 
        802004a6         802004a6        0     1                 
        802004a6         802004a6        0     1                 
        802004a6         802004a6        0     1                 
        802004a6         802004a6        0     1                 
        802004a6         802004a6       14     1                 memset
        802004a8         802004a8        0     1                 
        802004aa         802004aa        0     1                 
        802004ac         802004ac        0     1                 
        802004b0         802004b0        0     1                 
        802004b4         802004b4        0     1                 
        802004b6         802004b6        0     1                 
        802004b8         802004b8        0     1                 
        802004ba         802004ba        0     1                 
        802004ba         802004ba        0     1                 
        802004ba         802004ba        0     1                 
        802004ba         802004ba        0     1                 
        802004ba         802004ba        0     1                 
        802004ba         802004ba        0     1                 
        802004ba         802004ba       24     1                 strcpy
        802004c0         802004c0        0     1                 
        802004c4         802004c4        0     1                 
        802004c6         802004c6        0     1                 
        802004ca         802004ca        0     1                 
        802004ce         802004ce        0     1                 
        802004d2         802004d2        0     1                 
        802004d4         802004d4        0     1                 
        802004d6         802004d6        0     1                 
        802004d8         802004d8        0     1                 
        802004dc         802004dc        0     1                 
        802004de         802004de        0     1                 
        802004de         802004de        0     1                 
        802004de         802004de        0     1                 
        802004de         802004de        0     1                 
        802004de         802004de        0     1                 
        802004de         802004de        0     1                 
        802004de         802004de       38     1                 strcmp
        802004e2         802004e2        0     1                 
        802004e4         802004e4        0     1                 
        802004e6         802004e6        0     1                 
        802004ea         802004ea        0     1                 
        802004f8         802004f8        0     1                 
        802004fc         802004fc        0     1                 
        80200500         80200500        0     1                 
        80200502         80200502        0     1                 
        80200506         80200506        0     1                 
        80200508         80200508        0     1                 
        8020050c         8020050c        0     1                 
        80200510         80200510        0     1                 
        80200514         80200514        0     1                 
        80200516         80200516        0     1                 
        80200516         80200516        0     1                 
        80200516         80200516        0     1                 
        80200516         80200516        0     1                 
        80200516         80200516        0     1                 
        80200516         80200516      106     1                 create_process
        80200518         80200518        0     1                 
        8020051a         8020051a        0     1                 
        8020051a         8020051a        0     1                 .LBB4_19
        80200522         80200522        0     1                 
        80200524         80200524        0     1                 
        80200526         80200526        0     1                 
        8020052c         8020052c        0     1                 
        8020052e         8020052e        0     1                 
        80200530         80200530        0     1                 
        80200538         80200538        0     1                 
        8020053a         8020053a        0     1                 
        8020053c         8020053c        0     1                 
        80200544         80200544        0     1                 
        80200546         80200546        0     1                 
        80200548         80200548        0     1                 
        80200550         80200550        0     1                 
        80200552         80200552        0     1                 
        80200554         80200554        0     1                 
        8020055c         8020055c        0     1                 
        8020055e         8020055e        0     1                 
        80200560         80200560        0     1                 
        80200568         80200568        0     1                 
        8020056a         8020056a        0     1                 
        8020056c         8020056c        0     1                 
        80200574         80200574        0     1                 
        80200576         80200576        0     1                 
        80200578         80200578        0     1                 .LBB4_20
        80200578         80200578        0     1                 
        80200580         80200580        0     1                 .LBB4_21
        80200594         80200594        0     1                 
        80200596         80200596        0     1                 
        802005ba         802005ba        0     1                 
        802005c0         802005c0        0     1                 
        802005c4         802005c4        0     1                 
        802005c6         802005c6        0     1                 
        802005ca         802005ca        0     1                 
        802005ce         802005ce        0     1                 
        802005d6         802005d6        0     1                 
        802005d8         802005d8        0     1                 
        802005e0         802005e0        0     1                 
        802005e2         802005e2        0     1                 
        802005ea         802005ea        0     1                 
        802005ec         802005ec        0     1                 
        802005f4         802005f4        0     1                 
        802005f6         802005f6        0     1                 
        802005fe         802005fe        0     1                 
        80200600         80200600        0     1                 
        80200602         80200602        0     1                 
        80200606         80200606        0     1                 
        8020060a         8020060a        0     1                 
        80200610         80200610        0     1                 
        80200612         80200612        0     1                 
        80200614         80200614        0     1                 
        8020061c         8020061c        0     1                 
        8020061c         8020061c        0     1                 
        80200620         80200620       94     8 .rodata
        80200620         80200620       94     1         <internal>:(.rodata)
        802006b8         802006b8        8     8 .data
        802006b8         802006b8        8     8         /tmp/kernel-de490b.o:(.sdata)
        802006b8         802006b8        8     1                 alloc_pages.next_paddr
        802006c0         802006c0    10090    16 .bss
        802006c0         802006c0        0     1         __bss = .
        802006c0         802006c0    10080     8         /tmp/common-60d22f.o:(.bss)
        802006c0         802006c0    10080     1                 procs
        80210740         80210740       10     8         /tmp/kernel-de490b.o:(.sbss)
        80210740         80210740        8     1                 proc_a
        80210748         80210748        8     1                 proc_b
        80210750         80210750        0     1         __bss_end = .
        80210750         80210750        0     1 . = ALIGN ( 16 )
        80210750         80210750    20000     1 . += 128 * 1024
        80230750         80230750        0     1 __stack_top = .
        80230750         80230750      8b0     1 . = ALIGN ( 4096 )
        80231000         80231000        0     1 __free_ram = .
        80231000         80231000  4000000     1 . += 64 * 1024 * 1024
        84231000         84231000        0     1 __free_ram_end = .
               0                0      44d     1 .debug_loclists
               0                0      10a     1         /tmp/kernel-de490b.o:(.debug_loclists)
               c                c        0     1                 
             10a              10a      343     1         /tmp/common-60d22f.o:(.debug_loclists)
             116              116        0     1                 
               0                0      3b4     1 .debug_abbrev
               0                0      207     1         /tmp/kernel-de490b.o:(.debug_abbrev)
             207              207      1ad     1         /tmp/common-60d22f.o:(.debug_abbrev)
               0                0      7ef     1 .debug_info
               0                0      4f5     1         /tmp/kernel-de490b.o:(.debug_info)
             4f5              4f5      2fa     1         /tmp/common-60d22f.o:(.debug_info)
               0                0       6a     1 .debug_rnglists
               0                0       18     1         /tmp/kernel-de490b.o:(.debug_rnglists)
               c                c        0     1                 
              18               18       52     1         /tmp/common-60d22f.o:(.debug_rnglists)
              24               24        0     1                 
               0                0      1cc     1 .debug_str_offsets
               0                0       f8     1         /tmp/kernel-de490b.o:(.debug_str_offsets)
               8                8        0     1                 
              f8               f8       d4     1         /tmp/common-60d22f.o:(.debug_str_offsets)
             100              100        0     1                 
               0                0      29b     1 .debug_str
               0                0      29b     1         <internal>:(.debug_str)
               0                0      168     1 .debug_addr
               0                0       e8     1         /tmp/kernel-de490b.o:(.debug_addr)
               8                8        0     1                 
              e8               e8       80     1         /tmp/common-60d22f.o:(.debug_addr)
              f0               f0        0     1                 
               0                0       42     1 .comment
               0                0       42     1         <internal>:(.comment)
               0                0       2b     1 .riscv.attributes
               0                0       2b     1         /tmp/kernel-de490b.o:(.riscv.attributes)
               0                0      1c8     8 .debug_frame
               0                0      110     8         /tmp/kernel-de490b.o:(.debug_frame)
               0                0        0     1                 
             110              110       b8     8         /tmp/common-60d22f.o:(.debug_frame)
             110              110        0     1                 
               0                0      88b     1 .debug_line
               0                0      2b4     1         /tmp/kernel-de490b.o:(.debug_line)
               0                0        0     1                 .Lline_table_start0
             2b4              2b4      5d7     1         /tmp/common-60d22f.o:(.debug_line)
             2b4              2b4        0     1                 .Lline_table_start0
               0                0       4c     1 .debug_line_str
               0                0       4c     1         <internal>:(.debug_line_str)
               0                0     2fd0     8 .symtab
               0                0     2fd0     8         <internal>:(.symtab)
               0                0       dc     1 .shstrtab
               0                0       dc     1         <internal>:(.shstrtab)
               0                0      1ed     1 .strtab
               0                0      1ed     1         <internal>:(.strtab)
