             VMA              LMA     Size Align Out     In      Symbol
               0                0 80200000     1 . = 0x80200000
        80200000         80200000      30a     4 .text
        80200000         80200000        c     2         /tmp/kernel-429b5a.o:(.text.boot)
        80200000         80200000        0     1                 
        80200000         80200000        0     1                 
        80200000         80200000        0     1                 
        80200000         80200000        0     1                 .Lpcrel_hi0
        80200000         80200000        0     1                 
        80200000         80200000        c     1                 kernel_entry
        8020000c         8020000c        0     1                 
        8020000c         8020000c        0     1                 
        8020000c         8020000c       50     4         /tmp/kernel-429b5a.o:(.text)
        8020000c         8020000c        0     1                 
        8020000c         8020000c        0     1                 
        8020000c         8020000c        0     1                 
        8020000c         8020000c        0     1                 
        8020000c         8020000c       14     1                 putchar
        8020001e         8020001e        0     1                 
        8020001e         8020001e        0     1                 
        80200020         80200020        0     1                 
        80200020         80200020        0     1                 
        80200020         80200020        0     1                 
        80200020         80200020        0     1                 
        80200020         80200020        0     1                 
        80200020         80200020       3c     1                 kernel_main
        80200022         80200022        0     1                 
        80200022         80200022        0     1                 
        80200024         80200024        0     1                 
        80200024         80200024        0     1                 .LBB2_2
        8020002c         8020002c        0     1                 .LBB2_3
        8020003c         8020003c        0     1                 
        8020003c         8020003c        0     1                 .LBB2_4
        8020003c         8020003c        0     1                 
        80200056         80200056        0     1                 
        80200056         80200056        0     1                 
        8020005a         8020005a        0     1                 
        8020005c         8020005c        0     1                 
        8020005c         8020005c        0     1                 
        8020005c         8020005c      2ae     4         /tmp/common-0a94a6.o:(.text)
        8020005c         8020005c        0     1                 
        8020005c         8020005c        0     1                 
        8020005c         8020005c        0     1                 
        8020005c         8020005c      23e     1                 printf
        8020005e         8020005e        0     1                 
        80200078         80200078        0     1                 
        8020008a         8020008a        0     1                 
        802000ac         802000ac        0     1                 .LBB0_29
        802000ac         802000ac        0     1                 
        802000b4         802000b4        0     1                 
        802000be         802000be        0     1                 
        802000c2         802000c2        0     1                 
        802000c2         802000c2        0     1                 
        802000ce         802000ce        0     1                 
        802000ce         802000ce        0     1                 
        802000d2         802000d2        0     1                 
        802000da         802000da        0     1                 
        802000dc         802000dc        0     1                 
        802000e0         802000e0        0     1                 
        802000e8         802000e8        0     1                 
        802000ea         802000ea        0     1                 
        802000f2         802000f2        0     1                 
        802000f6         802000f6        0     1                 
        802000fa         802000fa        0     1                 
        802000fe         802000fe        0     1                 
        80200112         80200112        0     1                 
        8020011e         8020011e        0     1                 
        8020011e         8020011e        0     1                 
        80200122         80200122        0     1                 .LBB0_30
        80200122         80200122        0     1                 
        80200130         80200130        0     1                 
        80200138         80200138        0     1                 
        8020013c         8020013c        0     1                 
        8020013e         8020013e        0     1                 
        80200144         80200144        0     1                 
        8020014c         8020014c        0     1                 
        80200150         80200150        0     1                 
        80200152         80200152        0     1                 
        80200158         80200158        0     1                 
        80200160         80200160        0     1                 
        80200164         80200164        0     1                 
        80200166         80200166        0     1                 
        8020016c         8020016c        0     1                 
        80200174         80200174        0     1                 
        80200178         80200178        0     1                 
        8020017a         8020017a        0     1                 
        80200180         80200180        0     1                 
        80200188         80200188        0     1                 
        8020018c         8020018c        0     1                 
        8020018e         8020018e        0     1                 
        80200194         80200194        0     1                 
        8020019c         8020019c        0     1                 
        802001a0         802001a0        0     1                 
        802001a2         802001a2        0     1                 
        802001a8         802001a8        0     1                 
        802001b0         802001b0        0     1                 
        802001b4         802001b4        0     1                 
        802001ba         802001ba        0     1                 
        802001bc         802001bc        0     1                 
        802001bc         802001bc        0     1                 
        802001c4         802001c4        0     1                 
        802001cc         802001cc        0     1                 
        802001cc         802001cc        0     1                 
        802001d2         802001d2        0     1                 
        802001d2         802001d2        0     1                 
        802001dc         802001dc        0     1                 
        802001e0         802001e0        0     1                 
        802001e2         802001e2        0     1                 
        802001e8         802001e8        0     1                 
        802001f4         802001f4        0     1                 
        802001f4         802001f4        0     1                 
        802001f6         802001f6        0     1                 
        802001f8         802001f8        0     1                 
        802001fc         802001fc        0     1                 
        80200204         80200204        0     1                 
        80200210         80200210        0     1                 
        80200214         80200214        0     1                 
        8020021a         8020021a        0     1                 
        8020021a         8020021a        0     1                 
        80200220         80200220        0     1                 
        80200220         80200220        0     1                 
        8020022c         8020022c        0     1                 
        8020022c         8020022c        0     1                 
        80200230         80200230        0     1                 
        80200232         80200232        0     1                 
        80200236         80200236        0     1                 
        80200238         80200238        0     1                 
        8020023c         8020023c        0     1                 
        80200240         80200240        0     1                 
        80200244         80200244        0     1                 
        80200246         80200246        0     1                 
        8020024a         8020024a        0     1                 
        8020024e         8020024e        0     1                 
        8020024e         8020024e        0     1                 
        80200252         80200252        0     1                 
        8020025a         8020025a        0     1                 
        80200260         80200260        0     1                 
        80200260         80200260        0     1                 
        8020026a         8020026a        0     1                 
        80200270         80200270        0     1                 
        80200270         80200270        0     1                 
        8020027c         8020027c        0     1                 
        8020027c         8020027c        0     1                 
        8020029a         8020029a        0     1                 
        8020029a         8020029a        0     1                 
        8020029a         8020029a        0     1                 
        8020029a         8020029a        0     1                 
        8020029a         8020029a        0     1                 
        8020029a         8020029a        0     1                 
        8020029a         8020029a       14     1                 memset
        8020029c         8020029c        0     1                 
        8020029e         8020029e        0     1                 
        802002a0         802002a0        0     1                 
        802002a4         802002a4        0     1                 
        802002a8         802002a8        0     1                 
        802002aa         802002aa        0     1                 
        802002ac         802002ac        0     1                 
        802002ae         802002ae        0     1                 
        802002ae         802002ae        0     1                 
        802002ae         802002ae        0     1                 
        802002ae         802002ae        0     1                 
        802002ae         802002ae        0     1                 
        802002ae         802002ae        0     1                 
        802002ae         802002ae       24     1                 strcpy
        802002b4         802002b4        0     1                 
        802002b8         802002b8        0     1                 
        802002ba         802002ba        0     1                 
        802002be         802002be        0     1                 
        802002c2         802002c2        0     1                 
        802002c6         802002c6        0     1                 
        802002c8         802002c8        0     1                 
        802002ca         802002ca        0     1                 
        802002cc         802002cc        0     1                 
        802002d0         802002d0        0     1                 
        802002d2         802002d2        0     1                 
        802002d2         802002d2        0     1                 
        802002d2         802002d2        0     1                 
        802002d2         802002d2        0     1                 
        802002d2         802002d2        0     1                 
        802002d2         802002d2        0     1                 
        802002d2         802002d2       38     1                 strcmp
        802002d6         802002d6        0     1                 
        802002d8         802002d8        0     1                 
        802002da         802002da        0     1                 
        802002de         802002de        0     1                 
        802002ec         802002ec        0     1                 
        802002f0         802002f0        0     1                 
        802002f4         802002f4        0     1                 
        802002f6         802002f6        0     1                 
        802002fa         802002fa        0     1                 
        802002fc         802002fc        0     1                 
        80200300         80200300        0     1                 
        80200304         80200304        0     1                 
        80200308         80200308        0     1                 
        8020030a         8020030a        0     1                 
        8020030a         8020030a        0     1                 
        80200310         80200310       3b     8 .rodata
        80200310         80200310       3b     1         <internal>:(.rodata)
        80200350         80200350        0    16 .bss
        80200350         80200350        0     1         __bss = .
        80200350         80200350        0     1         __bss_end = .
        80200350         80200350        0     1 . = ALIGN ( 16 )
        80200350         80200350    20000     1 . += 128 * 1024
        80220350         80220350        0     1 __stack_top = .
               0                0      250     1 .debug_loclists
               0                0       22     1         /tmp/kernel-429b5a.o:(.debug_loclists)
               c                c        0     1                 
              22               22      22e     1         /tmp/common-0a94a6.o:(.debug_loclists)
              2e               2e        0     1                 
               0                0      272     1 .debug_abbrev
               0                0      11f     1         /tmp/kernel-429b5a.o:(.debug_abbrev)
             11f              11f      153     1         /tmp/common-0a94a6.o:(.debug_abbrev)
               0                0      3e9     1 .debug_info
               0                0      19a     1         /tmp/kernel-429b5a.o:(.debug_info)
             19a              19a      24f     1         /tmp/common-0a94a6.o:(.debug_info)
               0                0       69     1 .debug_rnglists
               0                0       17     1         /tmp/kernel-429b5a.o:(.debug_rnglists)
               c                c        0     1                 
              17               17       52     1         /tmp/common-0a94a6.o:(.debug_rnglists)
              23               23        0     1                 
               0                0      124     1 .debug_str_offsets
               0                0       84     1         /tmp/kernel-429b5a.o:(.debug_str_offsets)
               8                8        0     1                 
              84               84       a0     1         /tmp/common-0a94a6.o:(.debug_str_offsets)
              8c               8c        0     1                 
               0                0      1b5     1 .debug_str
               0                0      1b5     1         <internal>:(.debug_str)
               0                0       98     1 .debug_addr
               0                0       30     1         /tmp/kernel-429b5a.o:(.debug_addr)
               8                8        0     1                 
              30               30       68     1         /tmp/common-0a94a6.o:(.debug_addr)
              38               38        0     1                 
               0                0       42     1 .comment
               0                0       42     1         <internal>:(.comment)
               0                0       2b     1 .riscv.attributes
               0                0       2b     1         /tmp/kernel-429b5a.o:(.riscv.attributes)
               0                0      100     8 .debug_frame
               0                0       68     8         /tmp/kernel-429b5a.o:(.debug_frame)
               0                0        0     1                 
              68               68       98     8         /tmp/common-0a94a6.o:(.debug_frame)
              68               68        0     1                 
               0                0      519     1 .debug_line
               0                0       dc     1         /tmp/kernel-429b5a.o:(.debug_line)
               0                0        0     1                 .Lline_table_start0
              dc               dc      43d     1         /tmp/common-0a94a6.o:(.debug_line)
              dc               dc        0     1                 .Lline_table_start0
               0                0       4a     1 .debug_line_str
               0                0       4a     1         <internal>:(.debug_line_str)
               0                0     19f8     8 .symtab
               0                0     19f8     8         <internal>:(.symtab)
               0                0       d6     1 .shstrtab
               0                0       d6     1         <internal>:(.shstrtab)
               0                0       ca     1 .strtab
               0                0       ca     1         <internal>:(.strtab)
