             VMA              LMA     Size Align Out     In      Symbol
               0                0 80200000     1 . = 0x80200000
        80200000         80200000      76a     4 .text
        80200000         80200000        c     2         /tmp/kernel-9323f5.o:(.text.boot)
        80200000         80200000        0     1                 
        80200000         80200000        0     1                 
        80200000         80200000        0     1                 
        80200000         80200000        0     1                 .Lpcrel_hi0
        80200000         80200000        0     1                 
        80200000         80200000        c     1                 kernel_entry
        8020000c         8020000c        0     1                 
        8020000c         8020000c        0     1                 
        8020000c         8020000c      4ae     4         /tmp/kernel-9323f5.o:(.text)
        8020000c         8020000c        0     1                 
        8020000c         8020000c        0     1                 
        8020000c         8020000c        0     1                 
        8020000c         8020000c        0     1                 
        8020000c         8020000c       46     1                 switch_context
        80200052         80200052        0     1                 
        80200052         80200052        0     1                 
        80200052         80200052        0     1                 
        80200052         80200052        0     1                 
        80200052         80200052        0     1                 
        80200052         80200052        0     1                 
        80200052         80200052       14     1                 putchar
        80200064         80200064        0     1                 
        80200064         80200064        0     1                 
        80200066         80200066        0     1                 
        80200066         80200066        0     1                 
        80200066         80200066        0     1                 
        80200066         80200066        0     1                 
        80200066         80200066        0     1                 
        80200066         80200066       5c     1                 alloc_pages
        80200068         80200068        0     1                 
        80200068         80200068        0     1                 
        8020006c         8020006c        0     1                 
        8020006c         8020006c        0     1                 .LBB3_4
        80200076         80200076        0     1                 
        8020007c         8020007c        0     1                 
        80200080         80200080        0     1                 .LBB3_5
        80200080         80200080        0     1                 
        80200088         80200088        0     1                 
        8020008a         8020008a        0     1                 
        8020008e         8020008e        0     1                 .LBB3_6
        8020008e         8020008e        0     1                 
        80200096         80200096        0     1                 .LBB3_7
        802000aa         802000aa        0     1                 
        802000ac         802000ac        0     1                 
        802000b8         802000b8        0     1                 
        802000b8         802000b8        0     1                 
        802000c2         802000c2        0     1                 
        802000c2         802000c2        0     1                 
        802000c2         802000c2        0     1                 
        802000c2         802000c2        0     1                 
        802000c2         802000c2        0     1                 
        802000c2         802000c2      13c     1                 create_process
        802000c4         802000c4        0     1                 
        802000c6         802000c6        0     1                 
        802000c6         802000c6        0     1                 .LBB4_19
        802000ce         802000ce        0     1                 
        802000d0         802000d0        0     1                 
        802000d2         802000d2        0     1                 
        802000d8         802000d8        0     1                 
        802000da         802000da        0     1                 
        802000dc         802000dc        0     1                 
        802000e4         802000e4        0     1                 
        802000e6         802000e6        0     1                 
        802000e8         802000e8        0     1                 
        802000f0         802000f0        0     1                 
        802000f2         802000f2        0     1                 
        802000f4         802000f4        0     1                 
        802000fc         802000fc        0     1                 
        802000fe         802000fe        0     1                 
        80200100         80200100        0     1                 
        80200108         80200108        0     1                 
        8020010a         8020010a        0     1                 
        8020010c         8020010c        0     1                 
        80200114         80200114        0     1                 
        80200116         80200116        0     1                 
        80200118         80200118        0     1                 
        80200120         80200120        0     1                 
        80200122         80200122        0     1                 
        80200124         80200124        0     1                 .LBB4_20
        80200124         80200124        0     1                 
        8020012c         8020012c        0     1                 .LBB4_21
        80200140         80200140        0     1                 
        80200142         80200142        0     1                 
        80200166         80200166        0     1                 
        8020016c         8020016c        0     1                 
        80200170         80200170        0     1                 
        80200172         80200172        0     1                 
        80200176         80200176        0     1                 
        8020017a         8020017a        0     1                 
        80200182         80200182        0     1                 
        80200184         80200184        0     1                 
        8020018c         8020018c        0     1                 
        8020018e         8020018e        0     1                 
        80200196         80200196        0     1                 
        80200198         80200198        0     1                 
        802001a0         802001a0        0     1                 
        802001a2         802001a2        0     1                 
        802001aa         802001aa        0     1                 
        802001ac         802001ac        0     1                 
        802001b4         802001b4        0     1                 
        802001b6         802001b6        0     1                 
        802001be         802001be        0     1                 
        802001c0         802001c0        0     1                 
        802001c8         802001c8        0     1                 
        802001ca         802001ca        0     1                 
        802001d2         802001d2        0     1                 
        802001d4         802001d4        0     1                 
        802001dc         802001dc        0     1                 
        802001de         802001de        0     1                 
        802001e6         802001e6        0     1                 
        802001e8         802001e8        0     1                 
        802001ea         802001ea        0     1                 
        802001ee         802001ee        0     1                 
        802001f2         802001f2        0     1                 
        802001f4         802001f4        0     1                 
        802001f6         802001f6        0     1                 
        802001fe         802001fe        0     1                 
        802001fe         802001fe        0     1                 
        802001fe         802001fe        0     1                 
        802001fe         802001fe        0     1                 
        802001fe         802001fe        0     1                 
        802001fe         802001fe       16     1                 delay
        8020020a         8020020a        0     1                 
        8020020a         8020020a        0     1                 
        8020020c         8020020c        0     1                 
        8020020e         8020020e        0     1                 
        80200212         80200212        0     1                 
        80200212         80200212        0     1                 
        80200214         80200214        0     1                 
        80200214         80200214        0     1                 
        80200214         80200214        0     1                 
        80200214         80200214        0     1                 
        80200214         80200214        0     1                 .LBB6_20
        80200214         80200214        0     1                 
        80200214         80200214      184     1                 yield
        80200224         80200224        0     1                 .LBB6_21
        80200224         80200224        0     1                 
        8020022c         8020022c        0     1                 
        80200240         80200240        0     1                 
        80200244         80200244        0     1                 .LBB6_22
        80200244         80200244        0     1                 
        8020024c         8020024c        0     1                 
        8020024e         8020024e        0     1                 
        80200250         80200250        0     1                 
        80200254         80200254        0     1                 
        80200256         80200256        0     1                 
        8020025a         8020025a        0     1                 
        8020025c         8020025c        0     1                 
        80200260         80200260        0     1                 
        80200264         80200264        0     1                 
        80200272         80200272        0     1                 
        8020027a         8020027a        0     1                 
        8020027c         8020027c        0     1                 
        80200280         80200280        0     1                 
        80200282         80200282        0     1                 
        80200286         80200286        0     1                 
        8020028a         8020028a        0     1                 
        8020029c         8020029c        0     1                 
        802002a4         802002a4        0     1                 
        802002a8         802002a8        0     1                 
        802002ac         802002ac        0     1                 
        802002ae         802002ae        0     1                 
        802002b2         802002b2        0     1                 
        802002b6         802002b6        0     1                 
        802002c4         802002c4        0     1                 
        802002cc         802002cc        0     1                 
        802002ce         802002ce        0     1                 
        802002d2         802002d2        0     1                 
        802002d4         802002d4        0     1                 
        802002d8         802002d8        0     1                 
        802002dc         802002dc        0     1                 
        802002ee         802002ee        0     1                 
        802002f6         802002f6        0     1                 
        802002fa         802002fa        0     1                 
        802002fe         802002fe        0     1                 
        80200300         80200300        0     1                 
        80200304         80200304        0     1                 
        80200308         80200308        0     1                 
        80200316         80200316        0     1                 
        8020031e         8020031e        0     1                 
        80200320         80200320        0     1                 
        80200324         80200324        0     1                 
        80200326         80200326        0     1                 
        8020032a         8020032a        0     1                 
        8020032e         8020032e        0     1                 
        80200340         80200340        0     1                 
        80200348         80200348        0     1                 
        8020034c         8020034c        0     1                 
        80200350         80200350        0     1                 
        80200352         80200352        0     1                 
        80200356         80200356        0     1                 
        8020035a         8020035a        0     1                 
        80200368         80200368        0     1                 
        80200370         80200370        0     1                 
        80200372         80200372        0     1                 
        80200376         80200376        0     1                 
        80200378         80200378        0     1                 
        8020037c         8020037c        0     1                 
        8020037e         8020037e        0     1                 
        80200382         80200382        0     1                 
        80200386         80200386        0     1                 
        8020038a         8020038a        0     1                 
        8020038e         8020038e        0     1                 
        8020038e         8020038e        0     1                 
        80200396         80200396        0     1                 
        80200398         80200398        0     1                 
        80200398         80200398        0     1                 
        80200398         80200398        0     1                 
        80200398         80200398        0     1                 
        80200398         80200398        0     1                 
        80200398         80200398       34     1                 proc_a_entry
        8020039a         8020039a        0     1                 
        8020039a         8020039a        0     1                 
        8020039c         8020039c        0     1                 
        8020039c         8020039c        0     1                 .LBB7_2
        802003ac         802003ac        0     1                 
        802003ac         802003ac        0     1                 
        802003c2         802003c2        0     1                 
        802003c2         802003c2        0     1                 
        802003ca         802003ca        0     1                 
        802003ca         802003ca        0     1                 
        802003cc         802003cc        0     1                 
        802003cc         802003cc        0     1                 
        802003cc         802003cc        0     1                 
        802003cc         802003cc        0     1                 
        802003cc         802003cc        0     1                 
        802003cc         802003cc       34     1                 proc_b_entry
        802003ce         802003ce        0     1                 
        802003ce         802003ce        0     1                 
        802003d0         802003d0        0     1                 
        802003d0         802003d0        0     1                 .LBB8_2
        802003e0         802003e0        0     1                 
        802003e0         802003e0        0     1                 
        802003f6         802003f6        0     1                 
        802003f6         802003f6        0     1                 
        802003fe         802003fe        0     1                 
        802003fe         802003fe        0     1                 
        80200400         80200400        0     1                 
        80200400         80200400        0     1                 
        80200400         80200400        0     1                 
        80200400         80200400        0     1                 
        80200400         80200400        0     1                 
        80200400         80200400       ba     1                 kernel_main
        80200402         80200402        0     1                 
        80200402         80200402        0     1                 
        80200404         80200404        0     1                 
        80200404         80200404        0     1                 .LBB9_2
        8020040c         8020040c        0     1                 .LBB9_3
        80200422         80200422        0     1                 
        80200422         80200422        0     1                 .LBB9_4
        80200422         80200422        0     1                 
        80200432         80200432        0     1                 
        80200432         80200432        0     1                 .LBB9_5
        80200432         80200432        0     1                 
        8020043e         8020043e        0     1                 
        8020043e         8020043e        0     1                 
        80200448         80200448        0     1                 
        80200448         80200448        0     1                 .LBB9_6
        80200448         80200448        0     1                 
        80200452         80200452        0     1                 
        80200456         80200456        0     1                 .LBB9_7
        80200456         80200456        0     1                 
        80200460         80200460        0     1                 .LBB9_8
        80200460         80200460        0     1                 
        80200470         80200470        0     1                 
        80200470         80200470        0     1                 .LBB9_9
        80200470         80200470        0     1                 
        8020047a         8020047a        0     1                 .LBB9_10
        8020047a         8020047a        0     1                 
        8020048a         8020048a        0     1                 
        8020048a         8020048a        0     1                 .LBB9_11
        8020048a         8020048a        0     1                 
        80200494         80200494        0     1                 
        8020049c         8020049c        0     1                 
        8020049c         8020049c        0     1                 .LBB9_12
        8020049c         8020049c        0     1                 
        802004a4         802004a4        0     1                 .LBB9_13
        802004b8         802004b8        0     1                 
        802004ba         802004ba        0     1                 
        802004ba         802004ba        0     1                 
        802004bc         802004bc      2ae     4         /tmp/common-a36883.o:(.text)
        802004bc         802004bc        0     1                 
        802004bc         802004bc        0     1                 
        802004bc         802004bc        0     1                 
        802004bc         802004bc      23e     1                 printf
        802004be         802004be        0     1                 
        802004d8         802004d8        0     1                 
        802004ea         802004ea        0     1                 
        8020050c         8020050c        0     1                 .LBB0_29
        8020050c         8020050c        0     1                 
        80200514         80200514        0     1                 
        8020051e         8020051e        0     1                 
        80200522         80200522        0     1                 
        80200522         80200522        0     1                 
        8020052e         8020052e        0     1                 
        8020052e         8020052e        0     1                 
        80200532         80200532        0     1                 
        8020053a         8020053a        0     1                 
        8020053c         8020053c        0     1                 
        80200540         80200540        0     1                 
        80200548         80200548        0     1                 
        8020054a         8020054a        0     1                 
        80200552         80200552        0     1                 
        80200556         80200556        0     1                 
        8020055a         8020055a        0     1                 
        8020055e         8020055e        0     1                 
        80200572         80200572        0     1                 
        8020057e         8020057e        0     1                 
        8020057e         8020057e        0     1                 
        80200582         80200582        0     1                 .LBB0_30
        80200582         80200582        0     1                 
        80200590         80200590        0     1                 
        80200598         80200598        0     1                 
        8020059c         8020059c        0     1                 
        8020059e         8020059e        0     1                 
        802005a4         802005a4        0     1                 
        802005ac         802005ac        0     1                 
        802005b0         802005b0        0     1                 
        802005b2         802005b2        0     1                 
        802005b8         802005b8        0     1                 
        802005c0         802005c0        0     1                 
        802005c4         802005c4        0     1                 
        802005c6         802005c6        0     1                 
        802005cc         802005cc        0     1                 
        802005d4         802005d4        0     1                 
        802005d8         802005d8        0     1                 
        802005da         802005da        0     1                 
        802005e0         802005e0        0     1                 
        802005e8         802005e8        0     1                 
        802005ec         802005ec        0     1                 
        802005ee         802005ee        0     1                 
        802005f4         802005f4        0     1                 
        802005fc         802005fc        0     1                 
        80200600         80200600        0     1                 
        80200602         80200602        0     1                 
        80200608         80200608        0     1                 
        80200610         80200610        0     1                 
        80200614         80200614        0     1                 
        8020061a         8020061a        0     1                 
        8020061c         8020061c        0     1                 
        8020061c         8020061c        0     1                 
        80200624         80200624        0     1                 
        8020062c         8020062c        0     1                 
        8020062c         8020062c        0     1                 
        80200632         80200632        0     1                 
        80200632         80200632        0     1                 
        8020063c         8020063c        0     1                 
        80200640         80200640        0     1                 
        80200642         80200642        0     1                 
        80200648         80200648        0     1                 
        80200654         80200654        0     1                 
        80200654         80200654        0     1                 
        80200656         80200656        0     1                 
        80200658         80200658        0     1                 
        8020065c         8020065c        0     1                 
        80200664         80200664        0     1                 
        80200670         80200670        0     1                 
        80200674         80200674        0     1                 
        8020067a         8020067a        0     1                 
        8020067a         8020067a        0     1                 
        80200680         80200680        0     1                 
        80200680         80200680        0     1                 
        8020068c         8020068c        0     1                 
        8020068c         8020068c        0     1                 
        80200690         80200690        0     1                 
        80200692         80200692        0     1                 
        80200696         80200696        0     1                 
        80200698         80200698        0     1                 
        8020069c         8020069c        0     1                 
        802006a0         802006a0        0     1                 
        802006a4         802006a4        0     1                 
        802006a6         802006a6        0     1                 
        802006aa         802006aa        0     1                 
        802006ae         802006ae        0     1                 
        802006ae         802006ae        0     1                 
        802006b2         802006b2        0     1                 
        802006ba         802006ba        0     1                 
        802006c0         802006c0        0     1                 
        802006c0         802006c0        0     1                 
        802006ca         802006ca        0     1                 
        802006d0         802006d0        0     1                 
        802006d0         802006d0        0     1                 
        802006dc         802006dc        0     1                 
        802006dc         802006dc        0     1                 
        802006fa         802006fa        0     1                 
        802006fa         802006fa        0     1                 
        802006fa         802006fa        0     1                 
        802006fa         802006fa        0     1                 
        802006fa         802006fa        0     1                 
        802006fa         802006fa        0     1                 
        802006fa         802006fa       14     1                 memset
        802006fc         802006fc        0     1                 
        802006fe         802006fe        0     1                 
        80200700         80200700        0     1                 
        80200704         80200704        0     1                 
        80200708         80200708        0     1                 
        8020070a         8020070a        0     1                 
        8020070c         8020070c        0     1                 
        8020070e         8020070e        0     1                 
        8020070e         8020070e        0     1                 
        8020070e         8020070e        0     1                 
        8020070e         8020070e        0     1                 
        8020070e         8020070e        0     1                 
        8020070e         8020070e        0     1                 
        8020070e         8020070e       24     1                 strcpy
        80200714         80200714        0     1                 
        80200718         80200718        0     1                 
        8020071a         8020071a        0     1                 
        8020071e         8020071e        0     1                 
        80200722         80200722        0     1                 
        80200726         80200726        0     1                 
        80200728         80200728        0     1                 
        8020072a         8020072a        0     1                 
        8020072c         8020072c        0     1                 
        80200730         80200730        0     1                 
        80200732         80200732        0     1                 
        80200732         80200732        0     1                 
        80200732         80200732        0     1                 
        80200732         80200732        0     1                 
        80200732         80200732        0     1                 
        80200732         80200732        0     1                 
        80200732         80200732       38     1                 strcmp
        80200736         80200736        0     1                 
        80200738         80200738        0     1                 
        8020073a         8020073a        0     1                 
        8020073e         8020073e        0     1                 
        8020074c         8020074c        0     1                 
        80200750         80200750        0     1                 
        80200754         80200754        0     1                 
        80200756         80200756        0     1                 
        8020075a         8020075a        0     1                 
        8020075c         8020075c        0     1                 
        80200760         80200760        0     1                 
        80200764         80200764        0     1                 
        80200768         80200768        0     1                 
        8020076a         8020076a        0     1                 
        8020076a         8020076a        0     1                 
        80200770         80200770       b6     8 .rodata
        80200770         80200770       b6     1         <internal>:(.rodata)
        80200828         80200828        8     8 .data
        80200828         80200828        8     8         /tmp/kernel-9323f5.o:(.sdata)
        80200828         80200828        8     1                 alloc_pages.next_paddr
        80200830         80200830    100a0    16 .bss
        80200830         80200830        0     1         __bss = .
        80200830         80200830    10080     8         /tmp/kernel-9323f5.o:(.bss)
        80200830         80200830    10080     1                 procs
        802108b0         802108b0       20     8         /tmp/kernel-9323f5.o:(.sbss)
        802108b0         802108b0        8     1                 idle_proc
        802108b8         802108b8        8     1                 current_proc
        802108c0         802108c0        8     1                 proc_a
        802108c8         802108c8        8     1                 proc_b
        802108d0         802108d0        0     1         __bss_end = .
        802108d0         802108d0        0     1 . = ALIGN ( 16 )
        802108d0         802108d0    20000     1 . += 128 * 1024
        802308d0         802308d0        0     1 __stack_top = .
        802308d0         802308d0      730     1 . = ALIGN ( 4096 )
        80231000         80231000        0     1 __free_ram = .
        80231000         80231000  4000000     1 . += 64 * 1024 * 1024
        84231000         84231000        0     1 __free_ram_end = .
               0                0      4b6     1 .debug_loclists
               0                0      288     1         /tmp/kernel-9323f5.o:(.debug_loclists)
               c                c        0     1                 
             288              288      22e     1         /tmp/common-a36883.o:(.debug_loclists)
             294              294        0     1                 
               0                0      360     1 .debug_abbrev
               0                0      20d     1         /tmp/kernel-9323f5.o:(.debug_abbrev)
             20d              20d      153     1         /tmp/common-a36883.o:(.debug_abbrev)
               0                0      714     1 .debug_info
               0                0      4c1     1         /tmp/kernel-9323f5.o:(.debug_info)
             4c1              4c1      253     1         /tmp/common-a36883.o:(.debug_info)
               0                0       8c     1 .debug_rnglists
               0                0       3a     1         /tmp/kernel-9323f5.o:(.debug_rnglists)
               c                c        0     1                 
              3a               3a       52     1         /tmp/common-a36883.o:(.debug_rnglists)
              46               46        0     1                 
               0                0      1c0     1 .debug_str_offsets
               0                0      11c     1         /tmp/kernel-9323f5.o:(.debug_str_offsets)
               8                8        0     1                 
             11c              11c       a4     1         /tmp/common-a36883.o:(.debug_str_offsets)
             124              124        0     1                 
               0                0      2c2     1 .debug_str
               0                0      2c2     1         <internal>:(.debug_str)
               0                0      170     1 .debug_addr
               0                0      108     1         /tmp/kernel-9323f5.o:(.debug_addr)
               8                8        0     1                 
             108              108       68     1         /tmp/common-a36883.o:(.debug_addr)
             110              110        0     1                 
               0                0       42     1 .comment
               0                0       42     1         <internal>:(.comment)
               0                0       2b     1 .riscv.attributes
               0                0       2b     1         /tmp/kernel-9323f5.o:(.riscv.attributes)
               0                0      1c8     8 .debug_frame
               0                0      130     8         /tmp/kernel-9323f5.o:(.debug_frame)
               0                0        0     1                 
             130              130       98     8         /tmp/common-a36883.o:(.debug_frame)
             130              130        0     1                 
               0                0      a80     1 .debug_line
               0                0      643     1         /tmp/kernel-9323f5.o:(.debug_line)
               0                0        0     1                 .Lline_table_start0
             643              643      43d     1         /tmp/common-a36883.o:(.debug_line)
             643              643        0     1                 .Lline_table_start0
               0                0       4c     1 .debug_line_str
               0                0       4c     1         <internal>:(.debug_line_str)
               0                0     3558     8 .symtab
               0                0     3558     8         <internal>:(.symtab)
               0                0       dc     1 .shstrtab
               0                0       dc     1         <internal>:(.shstrtab)
               0                0      228     1 .strtab
               0                0      228     1         <internal>:(.strtab)
